[2022-11-09T16:19:13.135-0400][gc,heap] Heap region size: 1M
[2022-11-09T16:19:13.144-0400][gc     ] Using G1
[2022-11-09T16:19:13.144-0400][gc,heap,coops] Heap address: 0x00000000c0000000, size: 1024 MB, Compressed Oops mode: 32-bit
[2022-11-09T16:19:13.144-0400][gc,cds       ] Mark closed archive regions in map: [0x00000000fff00000, 0x00000000fff6aff8]
[2022-11-09T16:19:13.144-0400][gc,cds       ] Mark open archive regions in map: [0x00000000ffe00000, 0x00000000ffe47ff8]
[2022-11-09T16:19:14.109-0400][gc,start     ] GC(0) Pause Young (Normal) (G1 Evacuation Pause)
[2022-11-09T16:19:14.110-0400][gc,task      ] GC(0) Using 8 workers of 8 for evacuation
[2022-11-09T16:19:14.119-0400][gc,phases    ] GC(0)   Pre Evacuate Collection Set: 0.0ms
[2022-11-09T16:19:14.119-0400][gc,phases    ] GC(0)   Evacuate Collection Set: 8.3ms
[2022-11-09T16:19:14.119-0400][gc,phases    ] GC(0)   Post Evacuate Collection Set: 0.4ms
[2022-11-09T16:19:14.119-0400][gc,phases    ] GC(0)   Other: 0.8ms
[2022-11-09T16:19:14.119-0400][gc,heap      ] GC(0) Eden regions: 51->0(44)
[2022-11-09T16:19:14.119-0400][gc,heap      ] GC(0) Survivor regions: 0->7(7)
[2022-11-09T16:19:14.119-0400][gc,heap      ] GC(0) Old regions: 2->2
[2022-11-09T16:19:14.119-0400][gc,heap      ] GC(0) Humongous regions: 0->0
[2022-11-09T16:19:14.119-0400][gc,metaspace ] GC(0) Metaspace: 15252K->15252K(1062912K)
[2022-11-09T16:19:14.119-0400][gc           ] GC(0) Pause Young (Normal) (G1 Evacuation Pause) 51M->7M(1024M) 9.518ms
[2022-11-09T16:19:14.119-0400][gc,cpu       ] GC(0) User=0.06s Sys=0.00s Real=0.01s
[2022-11-09T16:19:14.921-0400][gc,start     ] GC(1) Pause Young (Concurrent Start) (Metadata GC Threshold)
[2022-11-09T16:19:14.921-0400][gc,task      ] GC(1) Using 8 workers of 8 for evacuation
[2022-11-09T16:19:14.930-0400][gc,phases    ] GC(1)   Pre Evacuate Collection Set: 0.0ms
[2022-11-09T16:19:14.930-0400][gc,phases    ] GC(1)   Evacuate Collection Set: 7.4ms
[2022-11-09T16:19:14.930-0400][gc,phases    ] GC(1)   Post Evacuate Collection Set: 0.4ms
[2022-11-09T16:19:14.930-0400][gc,phases    ] GC(1)   Other: 0.3ms
[2022-11-09T16:19:14.930-0400][gc,heap      ] GC(1) Eden regions: 23->0(49)
[2022-11-09T16:19:14.930-0400][gc,heap      ] GC(1) Survivor regions: 7->2(7)
[2022-11-09T16:19:14.930-0400][gc,heap      ] GC(1) Old regions: 2->9
[2022-11-09T16:19:14.930-0400][gc,heap      ] GC(1) Humongous regions: 0->0
[2022-11-09T16:19:14.930-0400][gc,metaspace ] GC(1) Metaspace: 20525K->20525K(1067008K)
[2022-11-09T16:19:14.930-0400][gc           ] GC(1) Pause Young (Concurrent Start) (Metadata GC Threshold) 29M->8M(1024M) 8.251ms
[2022-11-09T16:19:14.930-0400][gc,cpu       ] GC(1) User=0.03s Sys=0.02s Real=0.01s
[2022-11-09T16:19:14.930-0400][gc           ] GC(2) Concurrent Cycle
[2022-11-09T16:19:14.930-0400][gc,marking   ] GC(2) Concurrent Clear Claimed Marks
[2022-11-09T16:19:14.930-0400][gc,marking   ] GC(2) Concurrent Clear Claimed Marks 0.019ms
[2022-11-09T16:19:14.930-0400][gc,marking   ] GC(2) Concurrent Scan Root Regions
[2022-11-09T16:19:14.931-0400][gc,marking   ] GC(2) Concurrent Scan Root Regions 0.887ms
[2022-11-09T16:19:14.931-0400][gc,marking   ] GC(2) Concurrent Mark (1.822s)
[2022-11-09T16:19:14.931-0400][gc,marking   ] GC(2) Concurrent Mark From Roots
[2022-11-09T16:19:14.931-0400][gc,task      ] GC(2) Using 2 workers of 2 for marking
[2022-11-09T16:19:14.936-0400][gc,marking   ] GC(2) Concurrent Mark From Roots 5.733ms
[2022-11-09T16:19:14.937-0400][gc,marking   ] GC(2) Concurrent Preclean
[2022-11-09T16:19:14.937-0400][gc,marking   ] GC(2) Concurrent Preclean 0.127ms
[2022-11-09T16:19:14.937-0400][gc,marking   ] GC(2) Concurrent Mark (1.822s, 1.828s) 5.923ms
[2022-11-09T16:19:14.937-0400][gc,start     ] GC(2) Pause Remark
[2022-11-09T16:19:14.938-0400][gc,stringtable] GC(2) Cleaned string and symbol table, strings: 5095 processed, 0 removed, symbols: 50252 processed, 47 removed
[2022-11-09T16:19:14.938-0400][gc            ] GC(2) Pause Remark 8M->8M(1024M) 1.494ms
[2022-11-09T16:19:14.938-0400][gc,cpu        ] GC(2) User=0.01s Sys=0.00s Real=0.00s
[2022-11-09T16:19:14.938-0400][gc,marking    ] GC(2) Concurrent Rebuild Remembered Sets
[2022-11-09T16:19:14.941-0400][gc,marking    ] GC(2) Concurrent Rebuild Remembered Sets 2.596ms
[2022-11-09T16:19:14.942-0400][gc,start      ] GC(2) Pause Cleanup
[2022-11-09T16:19:14.943-0400][gc            ] GC(2) Pause Cleanup 9M->9M(1024M) 0.326ms
[2022-11-09T16:19:14.943-0400][gc,cpu        ] GC(2) User=0.00s Sys=0.00s Real=0.01s
[2022-11-09T16:19:14.943-0400][gc,marking    ] GC(2) Concurrent Cleanup for Next Mark
[2022-11-09T16:19:14.947-0400][gc,marking    ] GC(2) Concurrent Cleanup for Next Mark 4.303ms
[2022-11-09T16:19:14.947-0400][gc            ] GC(2) Concurrent Cycle 17.329ms
[2022-11-09T16:19:15.604-0400][gc,start      ] GC(3) Pause Young (Normal) (G1 Evacuation Pause)
[2022-11-09T16:19:15.604-0400][gc,task       ] GC(3) Using 8 workers of 8 for evacuation
[2022-11-09T16:19:15.607-0400][gc,phases     ] GC(3)   Pre Evacuate Collection Set: 0.0ms
[2022-11-09T16:19:15.607-0400][gc,phases     ] GC(3)   Evacuate Collection Set: 2.3ms
[2022-11-09T16:19:15.607-0400][gc,phases     ] GC(3)   Post Evacuate Collection Set: 0.5ms
[2022-11-09T16:19:15.607-0400][gc,phases     ] GC(3)   Other: 0.2ms
[2022-11-09T16:19:15.607-0400][gc,heap       ] GC(3) Eden regions: 49->0(46)
[2022-11-09T16:19:15.607-0400][gc,heap       ] GC(3) Survivor regions: 2->5(7)
[2022-11-09T16:19:15.607-0400][gc,heap       ] GC(3) Old regions: 9->9
[2022-11-09T16:19:15.607-0400][gc,heap       ] GC(3) Humongous regions: 129->129
[2022-11-09T16:19:15.607-0400][gc,metaspace  ] GC(3) Metaspace: 29699K->29699K(1077248K)
[2022-11-09T16:19:15.607-0400][gc            ] GC(3) Pause Young (Normal) (G1 Evacuation Pause) 186M->140M(1024M) 3.157ms
[2022-11-09T16:19:15.607-0400][gc,cpu        ] GC(3) User=0.02s Sys=0.00s Real=0.00s
[2022-11-09T16:19:15.851-0400][gc,start      ] GC(4) Pause Young (Concurrent Start) (GCLocker Initiated GC)
[2022-11-09T16:19:15.851-0400][gc,task       ] GC(4) Using 8 workers of 8 for evacuation
[2022-11-09T16:19:15.857-0400][gc,phases     ] GC(4)   Pre Evacuate Collection Set: 0.1ms
[2022-11-09T16:19:15.857-0400][gc,phases     ] GC(4)   Evacuate Collection Set: 5.5ms
[2022-11-09T16:19:15.857-0400][gc,phases     ] GC(4)   Post Evacuate Collection Set: 0.3ms
[2022-11-09T16:19:15.857-0400][gc,phases     ] GC(4)   Other: 0.3ms
[2022-11-09T16:19:15.857-0400][gc,heap       ] GC(4) Eden regions: 22->0(49)
[2022-11-09T16:19:15.857-0400][gc,heap       ] GC(4) Survivor regions: 5->2(7)
[2022-11-09T16:19:15.857-0400][gc,heap       ] GC(4) Old regions: 9->13
[2022-11-09T16:19:15.857-0400][gc,heap       ] GC(4) Humongous regions: 129->129
[2022-11-09T16:19:15.857-0400][gc,metaspace  ] GC(4) Metaspace: 34334K->34334K(1081344K)
[2022-11-09T16:19:15.857-0400][gc            ] GC(4) Pause Young (Concurrent Start) (GCLocker Initiated GC) 162M->142M(1024M) 6.251ms
[2022-11-09T16:19:15.857-0400][gc,cpu        ] GC(4) User=0.03s Sys=0.00s Real=0.01s
[2022-11-09T16:19:15.857-0400][gc            ] GC(5) Concurrent Cycle
[2022-11-09T16:19:15.857-0400][gc,marking    ] GC(5) Concurrent Clear Claimed Marks
[2022-11-09T16:19:15.857-0400][gc,marking    ] GC(5) Concurrent Clear Claimed Marks 0.034ms
[2022-11-09T16:19:15.857-0400][gc,marking    ] GC(5) Concurrent Scan Root Regions
[2022-11-09T16:19:15.858-0400][gc,marking    ] GC(5) Concurrent Scan Root Regions 1.015ms
[2022-11-09T16:19:15.858-0400][gc,marking    ] GC(5) Concurrent Mark (2.750s)
[2022-11-09T16:19:15.858-0400][gc,marking    ] GC(5) Concurrent Mark From Roots
[2022-11-09T16:19:15.858-0400][gc,task       ] GC(5) Using 2 workers of 2 for marking
[2022-11-09T16:19:15.874-0400][gc,marking    ] GC(5) Concurrent Mark From Roots 15.325ms
[2022-11-09T16:19:15.874-0400][gc,marking    ] GC(5) Concurrent Preclean
[2022-11-09T16:19:15.874-0400][gc,marking    ] GC(5) Concurrent Preclean 0.181ms
[2022-11-09T16:19:15.874-0400][gc,marking    ] GC(5) Concurrent Mark (2.750s, 2.765s) 15.589ms
[2022-11-09T16:19:15.874-0400][gc,start      ] GC(5) Pause Remark
[2022-11-09T16:19:15.880-0400][gc,stringtable] GC(5) Cleaned string and symbol table, strings: 9650 processed, 11 removed, symbols: 81196 processed, 18 removed
[2022-11-09T16:19:15.881-0400][gc            ] GC(5) Pause Remark 144M->144M(1024M) 6.506ms
[2022-11-09T16:19:15.881-0400][gc,cpu        ] GC(5) User=0.04s Sys=0.00s Real=0.01s
[2022-11-09T16:19:15.881-0400][gc,marking    ] GC(5) Concurrent Rebuild Remembered Sets
[2022-11-09T16:19:15.890-0400][gc,marking    ] GC(5) Concurrent Rebuild Remembered Sets 8.833ms
[2022-11-09T16:19:15.890-0400][gc,start      ] GC(5) Pause Cleanup
[2022-11-09T16:19:15.891-0400][gc            ] GC(5) Pause Cleanup 145M->145M(1024M) 0.271ms
[2022-11-09T16:19:15.891-0400][gc,cpu        ] GC(5) User=0.00s Sys=0.00s Real=0.00s
[2022-11-09T16:19:15.891-0400][gc,marking    ] GC(5) Concurrent Cleanup for Next Mark
[2022-11-09T16:19:15.897-0400][gc,marking    ] GC(5) Concurrent Cleanup for Next Mark 6.479ms
[2022-11-09T16:19:15.897-0400][gc            ] GC(5) Concurrent Cycle 40.256ms
[2022-11-09T16:20:32.751-0400][gc,start      ] GC(6) Pause Young (Concurrent Start) (G1 Evacuation Pause)
[2022-11-09T16:20:32.751-0400][gc,task       ] GC(6) Using 8 workers of 8 for evacuation
[2022-11-09T16:20:32.830-0400][gc,mmu        ] GC(6) MMU target violated: 21.0ms (20.0ms/21.0ms)
[2022-11-09T16:20:32.830-0400][gc,phases     ] GC(6)   Pre Evacuate Collection Set: 0.1ms
[2022-11-09T16:20:32.830-0400][gc,phases     ] GC(6)   Evacuate Collection Set: 77.5ms
[2022-11-09T16:20:32.830-0400][gc,phases     ] GC(6)   Post Evacuate Collection Set: 0.5ms
[2022-11-09T16:20:32.830-0400][gc,phases     ] GC(6)   Other: 0.3ms
[2022-11-09T16:20:32.830-0400][gc,heap       ] GC(6) Eden regions: 49->0(45)
[2022-11-09T16:20:32.830-0400][gc,heap       ] GC(6) Survivor regions: 2->6(7)
[2022-11-09T16:20:32.830-0400][gc,heap       ] GC(6) Old regions: 13->13
[2022-11-09T16:20:32.830-0400][gc,heap       ] GC(6) Humongous regions: 129->129
[2022-11-09T16:20:32.830-0400][gc,metaspace  ] GC(6) Metaspace: 40759K->40759K(1085440K)
[2022-11-09T16:20:32.830-0400][gc            ] GC(6) Pause Young (Concurrent Start) (G1 Evacuation Pause) 191M->146M(1024M) 78.589ms
[2022-11-09T16:20:32.830-0400][gc,cpu        ] GC(6) User=0.10s Sys=0.01s Real=0.08s
[2022-11-09T16:20:32.830-0400][gc            ] GC(7) Concurrent Cycle
[2022-11-09T16:20:32.830-0400][gc,marking    ] GC(7) Concurrent Clear Claimed Marks
[2022-11-09T16:20:32.830-0400][gc,marking    ] GC(7) Concurrent Clear Claimed Marks 0.141ms
[2022-11-09T16:20:32.830-0400][gc,marking    ] GC(7) Concurrent Scan Root Regions
[2022-11-09T16:20:32.832-0400][gc,marking    ] GC(7) Concurrent Scan Root Regions 2.002ms
[2022-11-09T16:20:32.832-0400][gc,marking    ] GC(7) Concurrent Mark (79.724s)
[2022-11-09T16:20:32.832-0400][gc,marking    ] GC(7) Concurrent Mark From Roots
[2022-11-09T16:20:32.832-0400][gc,task       ] GC(7) Using 2 workers of 2 for marking
[2022-11-09T16:20:32.858-0400][gc,marking    ] GC(7) Concurrent Mark From Roots 26.041ms
[2022-11-09T16:20:32.858-0400][gc,marking    ] GC(7) Concurrent Preclean
[2022-11-09T16:20:32.859-0400][gc,marking    ] GC(7) Concurrent Preclean 0.198ms
[2022-11-09T16:20:32.859-0400][gc,marking    ] GC(7) Concurrent Mark (79.724s, 79.750s) 26.301ms
[2022-11-09T16:20:32.859-0400][gc,start      ] GC(7) Pause Remark
[2022-11-09T16:20:32.873-0400][gc,stringtable] GC(7) Cleaned string and symbol table, strings: 10455 processed, 5 removed, symbols: 87080 processed, 6 removed
[2022-11-09T16:20:32.873-0400][gc            ] GC(7) Pause Remark 147M->147M(1024M) 14.690ms
[2022-11-09T16:20:32.873-0400][gc,cpu        ] GC(7) User=0.06s Sys=0.00s Real=0.01s
[2022-11-09T16:20:32.874-0400][gc,marking    ] GC(7) Concurrent Rebuild Remembered Sets
[2022-11-09T16:20:32.883-0400][gc,marking    ] GC(7) Concurrent Rebuild Remembered Sets 9.511ms
[2022-11-09T16:20:32.883-0400][gc,start      ] GC(7) Pause Cleanup
[2022-11-09T16:20:32.883-0400][gc            ] GC(7) Pause Cleanup 148M->148M(1024M) 0.236ms
[2022-11-09T16:20:32.883-0400][gc,cpu        ] GC(7) User=0.01s Sys=0.00s Real=0.00s
[2022-11-09T16:20:32.883-0400][gc,marking    ] GC(7) Concurrent Cleanup for Next Mark
[2022-11-09T16:20:32.885-0400][gc,marking    ] GC(7) Concurrent Cleanup for Next Mark 1.225ms
[2022-11-09T16:20:32.885-0400][gc            ] GC(7) Concurrent Cycle 54.652ms
[2022-11-09T16:20:34.470-0400][gc,start      ] GC(8) Pause Young (Normal) (G1 Evacuation Pause)
[2022-11-09T16:20:34.470-0400][gc,task       ] GC(8) Using 8 workers of 8 for evacuation
[2022-11-09T16:20:34.475-0400][gc,phases     ] GC(8)   Pre Evacuate Collection Set: 0.0ms
[2022-11-09T16:20:34.475-0400][gc,phases     ] GC(8)   Evacuate Collection Set: 4.8ms
[2022-11-09T16:20:34.475-0400][gc,phases     ] GC(8)   Post Evacuate Collection Set: 0.4ms
[2022-11-09T16:20:34.475-0400][gc,phases     ] GC(8)   Other: 0.2ms
[2022-11-09T16:20:34.475-0400][gc,heap       ] GC(8) Eden regions: 45->0(49)
[2022-11-09T16:20:34.475-0400][gc,heap       ] GC(8) Survivor regions: 6->2(7)
[2022-11-09T16:20:34.475-0400][gc,heap       ] GC(8) Old regions: 13->17
[2022-11-09T16:20:34.475-0400][gc,heap       ] GC(8) Humongous regions: 129->129
[2022-11-09T16:20:34.475-0400][gc,metaspace  ] GC(8) Metaspace: 41368K->41368K(1087488K)
[2022-11-09T16:20:34.475-0400][gc            ] GC(8) Pause Young (Normal) (G1 Evacuation Pause) 191M->145M(1024M) 5.558ms
[2022-11-09T16:20:34.475-0400][gc,cpu        ] GC(8) User=0.03s Sys=0.00s Real=0.01s
[2022-11-09T16:20:37.427-0400][gc,start      ] GC(9) Pause Young (Normal) (G1 Evacuation Pause)
[2022-11-09T16:20:37.427-0400][gc,task       ] GC(9) Using 8 workers of 8 for evacuation
[2022-11-09T16:20:37.430-0400][gc,phases     ] GC(9)   Pre Evacuate Collection Set: 0.0ms
[2022-11-09T16:20:37.430-0400][gc,phases     ] GC(9)   Evacuate Collection Set: 2.6ms
[2022-11-09T16:20:37.430-0400][gc,phases     ] GC(9)   Post Evacuate Collection Set: 0.4ms
[2022-11-09T16:20:37.430-0400][gc,phases     ] GC(9)   Other: 0.2ms
[2022-11-09T16:20:37.430-0400][gc,heap       ] GC(9) Eden regions: 49->0(47)
[2022-11-09T16:20:37.430-0400][gc,heap       ] GC(9) Survivor regions: 2->4(7)
[2022-11-09T16:20:37.430-0400][gc,heap       ] GC(9) Old regions: 17->17
[2022-11-09T16:20:37.430-0400][gc,heap       ] GC(9) Humongous regions: 129->129
[2022-11-09T16:20:37.430-0400][gc,metaspace  ] GC(9) Metaspace: 42541K->42541K(1087488K)
[2022-11-09T16:20:37.430-0400][gc            ] GC(9) Pause Young (Normal) (G1 Evacuation Pause) 194M->147M(1024M) 3.416ms
[2022-11-09T16:20:37.430-0400][gc,cpu        ] GC(9) User=0.01s Sys=0.00s Real=0.00s
[2022-11-09T16:20:40.743-0400][gc,start      ] GC(10) Pause Young (Normal) (G1 Evacuation Pause)
[2022-11-09T16:20:40.743-0400][gc,task       ] GC(10) Using 8 workers of 8 for evacuation
[2022-11-09T16:20:40.747-0400][gc,phases     ] GC(10)   Pre Evacuate Collection Set: 0.0ms
[2022-11-09T16:20:40.747-0400][gc,phases     ] GC(10)   Evacuate Collection Set: 3.6ms
[2022-11-09T16:20:40.747-0400][gc,phases     ] GC(10)   Post Evacuate Collection Set: 0.4ms
[2022-11-09T16:20:40.747-0400][gc,phases     ] GC(10)   Other: 0.2ms
[2022-11-09T16:20:40.747-0400][gc,heap       ] GC(10) Eden regions: 47->0(46)
[2022-11-09T16:20:40.747-0400][gc,heap       ] GC(10) Survivor regions: 4->5(7)
[2022-11-09T16:20:40.747-0400][gc,heap       ] GC(10) Old regions: 17->17
[2022-11-09T16:20:40.747-0400][gc,heap       ] GC(10) Humongous regions: 129->129
[2022-11-09T16:20:40.747-0400][gc,metaspace  ] GC(10) Metaspace: 42851K->42851K(1087488K)
[2022-11-09T16:20:40.747-0400][gc            ] GC(10) Pause Young (Normal) (G1 Evacuation Pause) 194M->148M(1024M) 4.364ms
[2022-11-09T16:20:40.747-0400][gc,cpu        ] GC(10) User=0.02s Sys=0.00s Real=0.00s
[2022-11-09T16:20:44.212-0400][gc,start      ] GC(11) Pause Young (Normal) (G1 Evacuation Pause)
[2022-11-09T16:20:44.212-0400][gc,task       ] GC(11) Using 8 workers of 8 for evacuation
[2022-11-09T16:20:44.217-0400][gc,phases     ] GC(11)   Pre Evacuate Collection Set: 0.0ms
[2022-11-09T16:20:44.217-0400][gc,phases     ] GC(11)   Evacuate Collection Set: 4.2ms
[2022-11-09T16:20:44.217-0400][gc,phases     ] GC(11)   Post Evacuate Collection Set: 0.3ms
[2022-11-09T16:20:44.217-0400][gc,phases     ] GC(11)   Other: 0.2ms
[2022-11-09T16:20:44.217-0400][gc,heap       ] GC(11) Eden regions: 46->0(50)
[2022-11-09T16:20:44.217-0400][gc,heap       ] GC(11) Survivor regions: 5->5(7)
[2022-11-09T16:20:44.217-0400][gc,heap       ] GC(11) Old regions: 17->18
[2022-11-09T16:20:44.217-0400][gc,heap       ] GC(11) Humongous regions: 129->129
[2022-11-09T16:20:44.217-0400][gc,metaspace  ] GC(11) Metaspace: 42864K->42864K(1087488K)
[2022-11-09T16:20:44.217-0400][gc            ] GC(11) Pause Young (Normal) (G1 Evacuation Pause) 194M->149M(1024M) 4.898ms
[2022-11-09T16:20:44.217-0400][gc,cpu        ] GC(11) User=0.03s Sys=0.00s Real=0.01s
[2022-11-09T16:22:18.074-0400][gc,start      ] GC(12) Pause Young (Normal) (G1 Evacuation Pause)
[2022-11-09T16:22:18.074-0400][gc,task       ] GC(12) Using 8 workers of 8 for evacuation
[2022-11-09T16:22:18.085-0400][gc,phases     ] GC(12)   Pre Evacuate Collection Set: 0.0ms
[2022-11-09T16:22:18.085-0400][gc,phases     ] GC(12)   Evacuate Collection Set: 10.6ms
[2022-11-09T16:22:18.085-0400][gc,phases     ] GC(12)   Post Evacuate Collection Set: 0.3ms
[2022-11-09T16:22:18.086-0400][gc,phases     ] GC(12)   Other: 0.2ms
[2022-11-09T16:22:18.086-0400][gc,heap       ] GC(12) Eden regions: 50->0(56)
[2022-11-09T16:22:18.086-0400][gc,heap       ] GC(12) Survivor regions: 5->5(7)
[2022-11-09T16:22:18.086-0400][gc,heap       ] GC(12) Old regions: 18->20
[2022-11-09T16:22:18.086-0400][gc,heap       ] GC(12) Humongous regions: 129->129
[2022-11-09T16:22:18.086-0400][gc,metaspace  ] GC(12) Metaspace: 43143K->43143K(1089536K)
[2022-11-09T16:22:18.086-0400][gc            ] GC(12) Pause Young (Normal) (G1 Evacuation Pause) 199M->151M(1024M) 11.222ms
[2022-11-09T16:22:18.086-0400][gc,cpu        ] GC(12) User=0.05s Sys=0.00s Real=0.01s
[2022-11-09T16:22:22.840-0400][gc,start      ] GC(13) Pause Young (Normal) (G1 Evacuation Pause)
[2022-11-09T16:22:22.840-0400][gc,task       ] GC(13) Using 8 workers of 8 for evacuation
[2022-11-09T16:22:22.849-0400][gc,phases     ] GC(13)   Pre Evacuate Collection Set: 0.0ms
[2022-11-09T16:22:22.849-0400][gc,phases     ] GC(13)   Evacuate Collection Set: 9.1ms
[2022-11-09T16:22:22.849-0400][gc,phases     ] GC(13)   Post Evacuate Collection Set: 0.3ms
[2022-11-09T16:22:22.849-0400][gc,phases     ] GC(13)   Other: 0.3ms
[2022-11-09T16:22:22.849-0400][gc,heap       ] GC(13) Eden regions: 56->0(60)
[2022-11-09T16:22:22.849-0400][gc,heap       ] GC(13) Survivor regions: 5->6(8)
[2022-11-09T16:22:22.849-0400][gc,heap       ] GC(13) Old regions: 20->21
[2022-11-09T16:22:22.849-0400][gc,heap       ] GC(13) Humongous regions: 129->129
[2022-11-09T16:22:22.849-0400][gc,metaspace  ] GC(13) Metaspace: 43148K->43148K(1089536K)
[2022-11-09T16:22:22.849-0400][gc            ] GC(13) Pause Young (Normal) (G1 Evacuation Pause) 207M->153M(1024M) 9.769ms
[2022-11-09T16:22:22.849-0400][gc,cpu        ] GC(13) User=0.04s Sys=0.00s Real=0.01s
[2022-11-09T16:22:28.988-0400][gc,start      ] GC(14) Pause Young (Normal) (G1 Evacuation Pause)
[2022-11-09T16:22:28.988-0400][gc,task       ] GC(14) Using 8 workers of 8 for evacuation
[2022-11-09T16:22:29.007-0400][gc,phases     ] GC(14)   Pre Evacuate Collection Set: 0.0ms
[2022-11-09T16:22:29.007-0400][gc,phases     ] GC(14)   Evacuate Collection Set: 18.3ms
[2022-11-09T16:22:29.007-0400][gc,phases     ] GC(14)   Post Evacuate Collection Set: 0.3ms
[2022-11-09T16:22:29.007-0400][gc,phases     ] GC(14)   Other: 0.2ms
[2022-11-09T16:22:29.007-0400][gc,heap       ] GC(14) Eden regions: 58->0(273)
[2022-11-09T16:22:29.007-0400][gc,heap       ] GC(14) Survivor regions: 6->5(8)
[2022-11-09T16:22:29.007-0400][gc,heap       ] GC(14) Old regions: 21->22
[2022-11-09T16:22:29.007-0400][gc,heap       ] GC(14) Humongous regions: 129->129
[2022-11-09T16:22:29.007-0400][gc,metaspace  ] GC(14) Metaspace: 43152K->43152K(1089536K)
[2022-11-09T16:22:29.007-0400][gc            ] GC(14) Pause Young (Normal) (G1 Evacuation Pause) 211M->154M(1024M) 18.934ms
[2022-11-09T16:22:29.007-0400][gc,cpu        ] GC(14) User=0.07s Sys=0.01s Real=0.02s
[2022-11-09T16:23:12.797-0400][gc,start      ] GC(15) Pause Young (Normal) (G1 Evacuation Pause)
[2022-11-09T16:23:12.797-0400][gc,task       ] GC(15) Using 8 workers of 8 for evacuation
[2022-11-09T16:23:12.805-0400][gc,phases     ] GC(15)   Pre Evacuate Collection Set: 0.0ms
[2022-11-09T16:23:12.805-0400][gc,phases     ] GC(15)   Evacuate Collection Set: 7.5ms
[2022-11-09T16:23:12.805-0400][gc,phases     ] GC(15)   Post Evacuate Collection Set: 0.5ms
[2022-11-09T16:23:12.805-0400][gc,phases     ] GC(15)   Other: 0.4ms
[2022-11-09T16:23:12.805-0400][gc,heap       ] GC(15) Eden regions: 194->0(196)
[2022-11-09T16:23:12.805-0400][gc,heap       ] GC(15) Survivor regions: 5->8(25)
[2022-11-09T16:23:12.805-0400][gc,heap       ] GC(15) Old regions: 22->22
[2022-11-09T16:23:12.805-0400][gc,heap       ] GC(15) Humongous regions: 129->129
[2022-11-09T16:23:12.805-0400][gc,metaspace  ] GC(15) Metaspace: 43205K->43205K(1089536K)
[2022-11-09T16:23:12.805-0400][gc            ] GC(15) Pause Young (Normal) (G1 Evacuation Pause) 348M->156M(1024M) 8.613ms
[2022-11-09T16:23:12.805-0400][gc,cpu        ] GC(15) User=0.06s Sys=0.00s Real=0.01s
[2022-11-09T16:24:28.904-0400][gc,start      ] GC(16) Pause Young (Normal) (G1 Evacuation Pause)
[2022-11-09T16:24:28.904-0400][gc,task       ] GC(16) Using 8 workers of 8 for evacuation
[2022-11-09T16:24:28.915-0400][gc,phases     ] GC(16)   Pre Evacuate Collection Set: 0.0ms
[2022-11-09T16:24:28.915-0400][gc,phases     ] GC(16)   Evacuate Collection Set: 10.3ms
[2022-11-09T16:24:28.915-0400][gc,phases     ] GC(16)   Post Evacuate Collection Set: 1.2ms
[2022-11-09T16:24:28.915-0400][gc,phases     ] GC(16)   Other: 0.3ms
[2022-11-09T16:24:28.915-0400][gc,heap       ] GC(16) Eden regions: 194->0(198)
[2022-11-09T16:24:28.915-0400][gc,heap       ] GC(16) Survivor regions: 8->11(26)
[2022-11-09T16:24:28.915-0400][gc,heap       ] GC(16) Old regions: 22->22
[2022-11-09T16:24:28.915-0400][gc,heap       ] GC(16) Humongous regions: 129->129
[2022-11-09T16:24:28.915-0400][gc,metaspace  ] GC(16) Metaspace: 43278K->43278K(1089536K)
[2022-11-09T16:24:28.916-0400][gc            ] GC(16) Pause Young (Normal) (G1 Evacuation Pause) 350M->159M(1024M) 11.991ms
[2022-11-09T16:24:28.916-0400][gc,cpu        ] GC(16) User=0.05s Sys=0.00s Real=0.01s
